
=== api /health ===
  cold-start probe: 0.21s (http 200) — recorded, out of scope
  warm #1: 0.19s (http 200)
  warm #2: 0.21s (http 200)
  warm #3: 0.26s (http 200)
  warm #4: 0.18s (http 200)
  warm #5: 0.20s (http 200)
  warm #6: 0.21s (http 200)
  warm #7: 0.22s (http 200)

=== api /cities ===
  cold-start probe: 0.22s (http 200) — recorded, out of scope
  warm #1: 0.26s (http 200)
  warm #2: 0.21s (http 200)
  warm #3: 0.21s (http 200)
  warm #4: 0.23s (http 200)
  warm #5: 0.42s (http 200)
  warm #6: 0.18s (http 200)
  warm #7: 0.21s (http 200)

=== api /predict (Karachi) ===
  cold-start probe: 0.74s (http 200) — recorded, out of scope
  warm #1: 0.70s (http 200)
  warm #2: 1.00s (http 200)
  warm #3: 1.21s (http 200)
  warm #4: 0.89s (http 200)
  warm #5: 0.80s (http 200)
  warm #6: 0.79s (http 200)
  warm #7: 1.00s (http 200)

=== dashboard root ===
  cold-start probe: 0.58s (http 200) — recorded, out of scope
  warm #1: 0.32s (http 200)
  warm #2: 0.38s (http 200)
  warm #3: 0.60s (http 200)
  warm #4: 0.50s (http 200)
  warm #5: 0.31s (http 200)
  warm #6: 0.49s (http 200)
  warm #7: 0.30s (http 200)


===== AFTER BENCHMARK SUMMARY =====
{
  "api /health": {
    "median_s": 0.21,
    "p95_s": 0.22,
    "min_s": 0.18,
    "max_s": 0.26,
    "n": 7,
    "cold_start_s": 0.21,
    "http": "200"
  },
  "api /cities": {
    "median_s": 0.21,
    "p95_s": 0.26,
    "min_s": 0.18,
    "max_s": 0.42,
    "n": 7,
    "cold_start_s": 0.22,
    "http": "200"
  },
  "api /predict (Karachi)": {
    "median_s": 0.89,
    "p95_s": 1.0,
    "min_s": 0.7,
    "max_s": 1.21,
    "n": 7,
    "cold_start_s": 0.74,
    "http": "200"
  },
  "dashboard root": {
    "median_s": 0.38,
    "p95_s": 0.5,
    "min_s": 0.3,
    "max_s": 0.6,
    "n": 7,
    "cold_start_s": 0.58,
    "http": "200"
  }
}
saved -> logs/after_benchmark.json
