
=== api /health ===
  cold-start probe: 0.21s (http 200) — recorded, out of scope
  warm #1: 0.32s (http 200)
  warm #2: 0.42s (http 200)
  warm #3: 0.25s (http 200)
  warm #4: 0.45s (http 200)
  warm #5: 0.33s (http 200)
  warm #6: 0.25s (http 200)
  warm #7: 0.42s (http 200)

=== api /cities ===
  cold-start probe: 0.29s (http 200) — recorded, out of scope
  warm #1: 0.21s (http 200)
  warm #2: 0.32s (http 200)
  warm #3: 0.58s (http 200)
  warm #4: 0.24s (http 200)
  warm #5: 0.28s (http 200)
  warm #6: 0.23s (http 200)
  warm #7: 0.20s (http 200)

=== api /predict (Karachi) ===
  cold-start probe: 16.38s (http 200) — recorded, out of scope
  warm #1: 0.69s (http 200)
  warm #2: 0.80s (http 200)
  warm #3: 0.70s (http 200)
  warm #4: 0.61s (http 200)
  warm #5: 0.69s (http 200)
  warm #6: 0.71s (http 200)
  warm #7: 0.79s (http 200)

=== dashboard root ===
  cold-start probe: 0.40s (http 200) — recorded, out of scope
  warm #1: 0.41s (http 200)
  warm #2: 0.45s (http 200)
  warm #3: 0.40s (http 200)
  warm #4: 0.20s (http 200)
  warm #5: 0.42s (http 200)
  warm #6: 0.25s (http 200)
  warm #7: 0.40s (http 200)


===== BEFORE BENCHMARK SUMMARY =====
{
  "api /health": {
    "median_s": 0.33,
    "p95_s": 0.42,
    "min_s": 0.25,
    "max_s": 0.45,
    "n": 7,
    "cold_start_s": 0.21,
    "http": "200"
  },
  "api /cities": {
    "median_s": 0.24,
    "p95_s": 0.32,
    "min_s": 0.2,
    "max_s": 0.58,
    "n": 7,
    "cold_start_s": 0.29,
    "http": "200"
  },
  "api /predict (Karachi)": {
    "median_s": 0.7,
    "p95_s": 0.79,
    "min_s": 0.61,
    "max_s": 0.8,
    "n": 7,
    "cold_start_s": 16.38,
    "http": "200"
  },
  "dashboard root": {
    "median_s": 0.4,
    "p95_s": 0.42,
    "min_s": 0.2,
    "max_s": 0.45,
    "n": 7,
    "cold_start_s": 0.4,
    "http": "200"
  }
}
saved -> logs/before_benchmark.json
