2026-08-16 18:49:20,789 | INFO | __main__ | Selection window: 2022-08-06 00:00:00+00:00 -> 2026-06-13 22:00:00+00:00 (337910 rows, strictly before holdout 2026-06-13)
2026-08-16 18:49:20,804 | INFO | __main__ | Features (69)
2026-08-16 18:49:21,263 | INFO | src.training.evaluate | Evaluated 2 baselines x 3 horizons
2026-08-16 18:49:21,263 | INFO | __main__ | Baselines evaluated
2026-08-16 18:49:21,263 | INFO | __main__ | Running walk-forward for ridge...
2026-08-16 18:49:21,510 | INFO | src.features.targets | Fold cut=2023-07-23 23:00:00+00:00: train 84470 rows, validate 252720 rows
2026-08-16 18:49:21,803 | INFO | src.features.targets | Fold cut=2024-03-14 15:00:00+00:00: train 140790 rows, validate 196400 rows
2026-08-16 18:49:22,096 | INFO | src.features.targets | Fold cut=2024-11-04 07:00:00+00:00: train 197110 rows, validate 140080 rows
2026-08-16 18:49:22,394 | INFO | src.features.targets | Fold cut=2025-06-26 23:00:00+00:00: train 253430 rows, validate 83760 rows
2026-08-16 18:49:23,530 | INFO | src.training.train | Horizon 24h: Ridge(alpha=1.0) on 82790 rows, 69 features
2026-08-16 18:49:23,840 | INFO | src.training.train | Horizon 48h: Ridge(alpha=1.0) on 82790 rows, 69 features
2026-08-16 18:49:24,032 | INFO | src.training.train | Horizon 72h: Ridge(alpha=1.0) on 82790 rows, 69 features
2026-08-16 18:49:25,707 | INFO | src.training.train | Horizon 24h: Ridge(alpha=1.0) on 120720 rows, 69 features
2026-08-16 18:49:26,179 | INFO | src.training.train | Horizon 48h: Ridge(alpha=1.0) on 120720 rows, 69 features
2026-08-16 18:49:26,570 | INFO | src.training.train | Horizon 72h: Ridge(alpha=1.0) on 120720 rows, 69 features
2026-08-16 18:49:27,990 | INFO | src.training.train | Horizon 24h: Ridge(alpha=1.0) on 151030 rows, 69 features
2026-08-16 18:49:28,570 | INFO | src.training.train | Horizon 48h: Ridge(alpha=1.0) on 151030 rows, 69 features
2026-08-16 18:49:29,010 | INFO | src.training.train | Horizon 72h: Ridge(alpha=1.0) on 151030 rows, 69 features
2026-08-16 18:49:30,188 | INFO | src.training.train | Horizon 24h: Ridge(alpha=1.0) on 207350 rows, 69 features
2026-08-16 18:49:30,816 | INFO | src.training.train | Horizon 48h: Ridge(alpha=1.0) on 207350 rows, 69 features
2026-08-16 18:49:31,489 | INFO | src.training.train | Horizon 72h: Ridge(alpha=1.0) on 207350 rows, 69 features
2026-08-16 18:49:31,809 | INFO | __main__ | ridge done
2026-08-16 18:49:31,809 | INFO | __main__ | Running walk-forward for lgbm...
2026-08-16 18:49:32,144 | INFO | src.features.targets | Fold cut=2023-07-23 23:00:00+00:00: train 84470 rows, validate 252720 rows
2026-08-16 18:49:32,312 | INFO | src.features.targets | Fold cut=2024-03-14 15:00:00+00:00: train 140790 rows, validate 196400 rows
2026-08-16 18:49:32,419 | INFO | src.features.targets | Fold cut=2024-11-04 07:00:00+00:00: train 197110 rows, validate 140080 rows
2026-08-16 18:49:32,610 | INFO | src.features.targets | Fold cut=2025-06-26 23:00:00+00:00: train 253430 rows, validate 83760 rows
2026-08-16 18:49:40,475 | INFO | src.training.train | Horizon 24h: LightGBM(n_estimators=500, learning_rate=0.05, num_leaves=31, min_child_samples=20) on 82790 rows, 69 features
2026-08-16 18:49:48,428 | INFO | src.training.train | Horizon 48h: LightGBM(n_estimators=500, learning_rate=0.05, num_leaves=31, min_child_samples=20) on 82790 rows, 69 features
2026-08-16 18:50:01,705 | INFO | src.training.train | Horizon 72h: LightGBM(n_estimators=500, learning_rate=0.05, num_leaves=31, min_child_samples=20) on 82790 rows, 69 features
2026-08-16 18:50:25,999 | INFO | src.training.train | Horizon 24h: LightGBM(n_estimators=500, learning_rate=0.05, num_leaves=31, min_child_samples=20) on 120720 rows, 69 features
2026-08-16 18:50:38,512 | INFO | src.training.train | Horizon 48h: LightGBM(n_estimators=500, learning_rate=0.05, num_leaves=31, min_child_samples=20) on 120720 rows, 69 features
2026-08-16 18:50:51,639 | INFO | src.training.train | Horizon 72h: LightGBM(n_estimators=500, learning_rate=0.05, num_leaves=31, min_child_samples=20) on 120720 rows, 69 features
2026-08-16 18:51:17,035 | INFO | src.training.train | Horizon 24h: LightGBM(n_estimators=500, learning_rate=0.05, num_leaves=31, min_child_samples=20) on 151030 rows, 69 features
2026-08-16 18:51:29,614 | INFO | src.training.train | Horizon 48h: LightGBM(n_estimators=500, learning_rate=0.05, num_leaves=31, min_child_samples=20) on 151030 rows, 69 features
2026-08-16 18:51:47,083 | INFO | src.training.train | Horizon 72h: LightGBM(n_estimators=500, learning_rate=0.05, num_leaves=31, min_child_samples=20) on 151030 rows, 69 features
2026-08-16 18:52:11,179 | INFO | src.training.train | Horizon 24h: LightGBM(n_estimators=500, learning_rate=0.05, num_leaves=31, min_child_samples=20) on 207350 rows, 69 features
2026-08-16 18:52:28,135 | INFO | src.training.train | Horizon 48h: LightGBM(n_estimators=500, learning_rate=0.05, num_leaves=31, min_child_samples=20) on 207350 rows, 69 features
2026-08-16 18:52:48,071 | INFO | src.training.train | Horizon 72h: LightGBM(n_estimators=500, learning_rate=0.05, num_leaves=31, min_child_samples=20) on 207350 rows, 69 features
2026-08-16 18:52:51,278 | INFO | __main__ | lgbm done

===== MODEL SELECTION (before holdout) =====
Window: 2022-08-06 -> 2026-06-13 (337910 rows)

RIDGE — mean walk-forward RMSE: 25.633
  +24h: RMSE 21.004 MAE 15.115 R2 0.814
  +48h: RMSE 27.06 MAE 19.955 R2 0.692
  +72h: RMSE 28.836 MAE 21.586 R2 0.65

LGBM — mean walk-forward RMSE: 24.275
  +24h: RMSE 20.394 MAE 14.264 R2 0.825
  +48h: RMSE 25.626 MAE 18.698 R2 0.723
  +72h: RMSE 26.806 MAE 19.885 R2 0.697

WINNER: lgbm
Baselines (floor): {"persistence": {"24": {"rmse": 23.392, "mae": 15.897, "r2": 0.754}, "48": {"rmse": 30.325, "mae": 21.151, "r2": 0.586}, "72": {"rmse": 33.162, "mae": 23.357, "r2": 0.505}}, "seasonal_naive": {"24": {"rmse": 36.662, "mae": 26.255, "r2": 0.396}, "48": {"rmse": 36.656, "mae": 26.253, "r2": 0.396}, "72": {"rmse": 36.647, "mae": 26.246, "r2": 0.396}}}
saved -> logs/model_select.json
